This is XeTeX, Version 3.141592653-2.6-0.999995 (TeX Live 2023/Debian) (preloaded format=xelatex 2026.6.11)  11 JUN 2026 23:52
entering extended mode
 restricted \write18 enabled.
 %&-line parsing enabled.
**poster.tex
(./poster.tex
LaTeX2e <2023-11-01> patch level 1
L3 programming layer <2024-01-22>
(/usr/share/texlive/texmf-dist/tex/latex/base/article.cls
Document Class: article 2023/05/17 v1.4n Standard LaTeX document class
(/usr/share/texlive/texmf-dist/tex/latex/base/size10.clo
File: size10.clo 2023/05/17 v1.4n Standard LaTeX file (size option)
)
\c@part=\count183
\c@section=\count184
\c@subsection=\count185
\c@subsubsection=\count186
\c@paragraph=\count187
\c@subparagraph=\count188
\c@figure=\count189
\c@table=\count190
\abovecaptionskip=\skip48
\belowcaptionskip=\skip49
\bibindent=\dimen140
)
(../design_harness/templates/wanted_poster_macros.tex
(/usr/share/texlive/texmf-dist/tex/latex/geometry/geometry.sty
Package: geometry 2020/01/02 v5.9 Page Geometry

(/usr/share/texlive/texmf-dist/tex/latex/graphics/keyval.sty
Package: keyval 2022/05/29 v1.15 key=value parser (DPC)
\KV@toks@=\toks17
)
(/usr/share/texlive/texmf-dist/tex/generic/iftex/ifvtex.sty
Package: ifvtex 2019/10/25 v1.7 ifvtex legacy package. Use iftex instead.

(/usr/share/texlive/texmf-dist/tex/generic/iftex/iftex.sty
Package: iftex 2022/02/03 v1.0f TeX engine tests
))
\Gm@cnth=\count191
\Gm@cntv=\count192
\c@Gm@tempcnt=\count193
\Gm@bindingoffset=\dimen141
\Gm@wd@mp=\dimen142
\Gm@odd@mp=\dimen143
\Gm@even@mp=\dimen144
\Gm@layoutwidth=\dimen145
\Gm@layoutheight=\dimen146
\Gm@layouthoffset=\dimen147
\Gm@layoutvoffset=\dimen148
\Gm@dimlist=\toks18
)
(/usr/share/texlive/texmf-dist/tex/latex/xcolor/xcolor.sty
Package: xcolor 2023/11/15 v3.01 LaTeX color extensions (UK)

(/usr/share/texlive/texmf-dist/tex/latex/graphics-cfg/color.cfg
File: color.cfg 2016/01/02 v1.6 sample color configuration
)
Package xcolor Info: Driver file: xetex.def on input line 274.

(/usr/share/texlive/texmf-dist/tex/latex/graphics-def/xetex.def
File: xetex.def 2022/09/22 v5.0n Graphics/color driver for xetex
)
(/usr/share/texlive/texmf-dist/tex/latex/graphics/mathcolor.ltx)
Package xcolor Info: Model `cmy' substituted by `cmy0' on input line 1350.
Package xcolor Info: Model `RGB' extended on input line 1366.
Package xcolor Info: Model `HTML' substituted by `rgb' on input line 1368.
Package xcolor Info: Model `Hsb' substituted by `hsb' on input line 1369.
Package xcolor Info: Model `tHsb' substituted by `hsb' on input line 1370.
Package xcolor Info: Model `HSB' substituted by `hsb' on input line 1371.
Package xcolor Info: Model `Gray' substituted by `gray' on input line 1372.
Package xcolor Info: Model `wave' substituted by `hsb' on input line 1373.
)
(/usr/share/texlive/texmf-dist/tex/latex/fontspec/fontspec.sty
(/usr/share/texlive/texmf-dist/tex/latex/l3packages/xparse/xparse.sty
(/usr/share/texlive/texmf-dist/tex/latex/l3kernel/expl3.sty
Package: expl3 2024-01-22 L3 programming layer (loader) 

(/usr/share/texlive/texmf-dist/tex/latex/l3backend/l3backend-xetex.def
File: l3backend-xetex.def 2024-01-04 L3 backend support: XeTeX
\g__graphics_track_int=\count194
\l__pdf_internal_box=\box51
\g__pdf_backend_object_int=\count195
\g__pdf_backend_annotation_int=\count196
\g__pdf_backend_link_int=\count197
))
Package: xparse 2023-10-10 L3 Experimental document command parser
)
Package: fontspec 2022/01/15 v2.8a Font selection for XeLaTeX and LuaLaTeX

(/usr/share/texlive/texmf-dist/tex/latex/fontspec/fontspec-xetex.sty
Package: fontspec-xetex 2022/01/15 v2.8a Font selection for XeLaTeX and LuaLaTe
X
\l__fontspec_script_int=\count198
\l__fontspec_language_int=\count199
\l__fontspec_strnum_int=\count266
\l__fontspec_tmp_int=\count267
\l__fontspec_tmpa_int=\count268
\l__fontspec_tmpb_int=\count269
\l__fontspec_tmpc_int=\count270
\l__fontspec_em_int=\count271
\l__fontspec_emdef_int=\count272
\l__fontspec_strong_int=\count273
\l__fontspec_strongdef_int=\count274
\l__fontspec_tmpa_dim=\dimen149
\l__fontspec_tmpb_dim=\dimen150
\l__fontspec_tmpc_dim=\dimen151

(/usr/share/texlive/texmf-dist/tex/latex/base/fontenc.sty
Package: fontenc 2021/04/29 v2.0v Standard LaTeX package
)
(/usr/share/texlive/texmf-dist/tex/latex/fontspec/fontspec.cfg)))
(/usr/share/texlive/texmf-dist/tex/latex/cjk-ko/kotex.sty
Package: kotex 2015/04/19 v1.6 Korean TeX (ko.TeX)

(/usr/share/texlive/texmf-dist/tex/latex/kotex-utf/kotex.cfg)
(/usr/share/texlive/texmf-dist/tex/xetex/xetexko/xetexko.sty
Package: xetexko 2022/11/01 v4.2 typesetting Korean with XeTeX
\XeTeXcharclassID=\XeTeXcharclass1
\XeTeXcharclassCJ=\XeTeXcharclass2
\XeTeXcharclassOP=\XeTeXcharclass3
\XeTeXcharclassCL=\XeTeXcharclass4
\XeTeXcharclassEX=\XeTeXcharclass5
\XeTeXcharclassCM=\XeTeXcharclass6

(/usr/share/texlive/texmf-dist/tex/generic/unicode-data/load-unicode-xetex-clas
ses.tex 
load-unicode-xetex-classes.tex v1.17 (2023-09-18)
Reading Unicode east Asian character class data
# LineBreak-15.1.0.txt 
# Date: 2023-07-28, 13:19:22 GMT [KW] 
# EastAsianWidth-15.1.0.txt 
# Date: 2023-07-28, 23:34:08 GMT 
)
\XeTeXcharclassHG=\XeTeXcharclass7
\XeTeXcharclassJJ=\XeTeXcharclass8
\XeTeXcharclassMD=\XeTeXcharclass9
\XeTeXcharclassFS=\XeTeXcharclass10
\XeTeXcharclassLD=\XeTeXcharclass11
\XeTeXcharclassSY=\XeTeXcharclass12
\XeTeXcharclassAO=\XeTeXcharclass13
\XeTeXcharclassAC=\XeTeXcharclass14
\XeTeXcharclassAM=\XeTeXcharclass15
\XeTeXcharclassAH=\XeTeXcharclass16
\XeTeXcharclassAP=\XeTeXcharclass17
\XeTeXcharclassVC=\XeTeXcharclass18
\XeKo@toks@=\toks19
\XeKo@toks@ii=\toks20
\XeKo@skip@=\skip50
\XeKo@count@=\count275
\XeKo@dimen@=\dimen152
\XeKo@box@=\box52
\XeKo@dotemph@box=\box53
 (/usr/share/texlive/texmf-dist/tex/latex/cjk-ko/kolabels-utf.sty
Package: kolabels-utf 2015/03/20 v1.5 UTF-8 Hangul item labels
)))
(/usr/share/texlive/texmf-dist/tex/latex/unicode-math/unicode-math.sty
Package: unicode-math 2023/08/13 v0.8r Unicode maths in XeLaTeX and LuaLaTeX

(/usr/share/texlive/texmf-dist/tex/latex/unicode-math/unicode-math-xetex.sty
Package: unicode-math-xetex 2023/08/13 v0.8r Unicode maths in XeLaTeX and LuaLa
TeX

(/usr/share/texlive/texmf-dist/tex/latex/l3packages/l3keys2e/l3keys2e.sty
Package: l3keys2e 2023-10-10 LaTeX2e option processing using LaTeX3 keys
)
(/usr/share/texlive/texmf-dist/tex/latex/base/fix-cm.sty
Package: fix-cm 2020/11/24 v1.1t fixes to LaTeX

(/usr/share/texlive/texmf-dist/tex/latex/base/ts1enc.def
File: ts1enc.def 2001/06/05 v3.0e (jk/car/fm) Standard LaTeX file
LaTeX Font Info:    Redeclaring font encoding TS1 on input line 47.
))
(/usr/share/texlive/texmf-dist/tex/latex/amsmath/amsmath.sty
Package: amsmath 2023/05/13 v2.17o AMS math features
\@mathmargin=\skip51

For additional information on amsmath, use the `?' option.
(/usr/share/texlive/texmf-dist/tex/latex/amsmath/amstext.sty
Package: amstext 2021/08/26 v2.01 AMS text

(/usr/share/texlive/texmf-dist/tex/latex/amsmath/amsgen.sty
File: amsgen.sty 1999/11/30 v2.0 generic functions
\@emptytoks=\toks21
\ex@=\dimen153
))
(/usr/share/texlive/texmf-dist/tex/latex/amsmath/amsbsy.sty
Package: amsbsy 1999/11/29 v1.2d Bold Symbols
\pmbraise@=\dimen154
)
(/usr/share/texlive/texmf-dist/tex/latex/amsmath/amsopn.sty
Package: amsopn 2022/04/08 v2.04 operator names
)
\inf@bad=\count276
LaTeX Info: Redefining \frac on input line 234.
\uproot@=\count277
\leftroot@=\count278
LaTeX Info: Redefining \overline on input line 399.
LaTeX Info: Redefining \colon on input line 410.
\classnum@=\count279
\DOTSCASE@=\count280
LaTeX Info: Redefining \ldots on input line 496.
LaTeX Info: Redefining \dots on input line 499.
LaTeX Info: Redefining \cdots on input line 620.
\Mathstrutbox@=\box54
\strutbox@=\box55
LaTeX Info: Redefining \big on input line 722.
LaTeX Info: Redefining \Big on input line 723.
LaTeX Info: Redefining \bigg on input line 724.
LaTeX Info: Redefining \Bigg on input line 725.
\big@size=\dimen155
LaTeX Font Info:    Redeclaring font encoding OML on input line 743.
LaTeX Font Info:    Redeclaring font encoding OMS on input line 744.
\macc@depth=\count281
LaTeX Info: Redefining \bmod on input line 905.
LaTeX Info: Redefining \pmod on input line 910.
LaTeX Info: Redefining \smash on input line 940.
LaTeX Info: Redefining \relbar on input line 970.
LaTeX Info: Redefining \Relbar on input line 971.
\c@MaxMatrixCols=\count282
\dotsspace@=\muskip16
\c@parentequation=\count283
\dspbrk@lvl=\count284
\tag@help=\toks22
\row@=\count285
\column@=\count286
\maxfields@=\count287
\andhelp@=\toks23
\eqnshift@=\dimen156
\alignsep@=\dimen157
\tagshift@=\dimen158
\tagwidth@=\dimen159
\totwidth@=\dimen160
\lineht@=\dimen161
\@envbody=\toks24
\multlinegap=\skip52
\multlinetaggap=\skip53
\mathdisplay@stack=\toks25
LaTeX Info: Redefining \[ on input line 2953.
LaTeX Info: Redefining \] on input line 2954.
)
\g__um_fam_int=\count288
\g__um_fonts_used_int=\count289
\l__um_primecount_int=\count290
\g__um_primekern_muskip=\muskip17

(/usr/share/texlive/texmf-dist/tex/latex/unicode-math/unicode-math-table.tex)))
(/usr/share/texlive/texmf-dist/tex/latex/graphics/graphicx.sty
Package: graphicx 2021/09/16 v1.2d Enhanced LaTeX Graphics (DPC,SPQR)

(/usr/share/texlive/texmf-dist/tex/latex/graphics/graphics.sty
Package: graphics 2022/03/10 v1.4e Standard LaTeX Graphics (DPC,SPQR)

(/usr/share/texlive/texmf-dist/tex/latex/graphics/trig.sty
Package: trig 2021/08/11 v1.11 sin cos tan (DPC)
)
(/usr/share/texlive/texmf-dist/tex/latex/graphics-cfg/graphics.cfg
File: graphics.cfg 2016/06/04 v1.11 sample graphics configuration
)
Package graphics Info: Driver file: xetex.def on input line 107.
)
\Gin@req@height=\dimen162
\Gin@req@width=\dimen163
)
(/usr/share/texlive/texmf-dist/tex/latex/booktabs/booktabs.sty
Package: booktabs 2020/01/12 v1.61803398 Publication quality tables
\heavyrulewidth=\dimen164
\lightrulewidth=\dimen165
\cmidrulewidth=\dimen166
\belowrulesep=\dimen167
\belowbottomsep=\dimen168
\aboverulesep=\dimen169
\abovetopsep=\dimen170
\cmidrulesep=\dimen171
\cmidrulekern=\dimen172
\defaultaddspace=\dimen173
\@cmidla=\count291
\@cmidlb=\count292
\@aboverulesep=\dimen174
\@belowrulesep=\dimen175
\@thisruleclass=\count293
\@lastruleclass=\count294
\@thisrulewidth=\dimen176
)
(/usr/share/texlive/texmf-dist/tex/latex/tools/tabularx.sty
Package: tabularx 2023/07/08 v2.11c `tabularx' package (DPC)

(/usr/share/texlive/texmf-dist/tex/latex/tools/array.sty
Package: array 2023/10/16 v2.5g Tabular extension package (FMi)
\col@sep=\dimen177
\ar@mcellbox=\box56
\extrarowheight=\dimen178
\NC@list=\toks26
\extratabsurround=\skip54
\backup@length=\skip55
\ar@cellbox=\box57
)
\TX@col@width=\dimen179
\TX@old@table=\dimen180
\TX@old@col=\dimen181
\TX@target=\dimen182
\TX@delta=\dimen183
\TX@cols=\count295
\TX@ftn=\toks27
)
(/usr/share/texlive/texmf-dist/tex/latex/ragged2e/ragged2e.sty
Package: ragged2e 2023/06/22 v3.6 ragged2e Package
\CenteringLeftskip=\skip56
\RaggedLeftLeftskip=\skip57
\RaggedRightLeftskip=\skip58
\CenteringRightskip=\skip59
\RaggedLeftRightskip=\skip60
\RaggedRightRightskip=\skip61
\CenteringParfillskip=\skip62
\RaggedLeftParfillskip=\skip63
\RaggedRightParfillskip=\skip64
\JustifyingParfillskip=\skip65
\CenteringParindent=\skip66
\RaggedLeftParindent=\skip67
\RaggedRightParindent=\skip68
\JustifyingParindent=\skip69
)
(/usr/share/texlive/texmf-dist/tex/latex/enumitem/enumitem.sty
Package: enumitem 2019/06/20 v3.9 Customized lists
\labelindent=\skip70
\enit@outerparindent=\dimen184
\enit@toks=\toks28
\enit@inbox=\box58
\enit@count@id=\count296
\enitdp@description=\count297
)
(/usr/share/texlive/texmf-dist/tex/latex/pgf/frontendlayer/tikz.sty
(/usr/share/texlive/texmf-dist/tex/latex/pgf/basiclayer/pgf.sty
(/usr/share/texlive/texmf-dist/tex/latex/pgf/utilities/pgfrcs.sty
(/usr/share/texlive/texmf-dist/tex/generic/pgf/utilities/pgfutil-common.tex
\pgfutil@everybye=\toks29
\pgfutil@tempdima=\dimen185
\pgfutil@tempdimb=\dimen186
)
(/usr/share/texlive/texmf-dist/tex/generic/pgf/utilities/pgfutil-latex.def
\pgfutil@abb=\box59
)
(/usr/share/texlive/texmf-dist/tex/generic/pgf/utilities/pgfrcs.code.tex
(/usr/share/texlive/texmf-dist/tex/generic/pgf/pgf.revision.tex)
Package: pgfrcs 2023-01-15 v3.1.10 (3.1.10)
))
Package: pgf 2023-01-15 v3.1.10 (3.1.10)

(/usr/share/texlive/texmf-dist/tex/latex/pgf/basiclayer/pgfcore.sty
(/usr/share/texlive/texmf-dist/tex/latex/pgf/systemlayer/pgfsys.sty
(/usr/share/texlive/texmf-dist/tex/generic/pgf/systemlayer/pgfsys.code.tex
Package: pgfsys 2023-01-15 v3.1.10 (3.1.10)

(/usr/share/texlive/texmf-dist/tex/generic/pgf/utilities/pgfkeys.code.tex
\pgfkeys@pathtoks=\toks30
\pgfkeys@temptoks=\toks31

(/usr/share/texlive/texmf-dist/tex/generic/pgf/utilities/pgfkeyslibraryfiltered
.code.tex
\pgfkeys@tmptoks=\toks32
))
\pgf@x=\dimen187
\pgf@y=\dimen188
\pgf@xa=\dimen189
\pgf@ya=\dimen190
\pgf@xb=\dimen191
\pgf@yb=\dimen192
\pgf@xc=\dimen193
\pgf@yc=\dimen194
\pgf@xd=\dimen195
\pgf@yd=\dimen196
\w@pgf@writea=\write3
\r@pgf@reada=\read2
\c@pgf@counta=\count298
\c@pgf@countb=\count299
\c@pgf@countc=\count300
\c@pgf@countd=\count301
\t@pgf@toka=\toks33
\t@pgf@tokb=\toks34
\t@pgf@tokc=\toks35
\pgf@sys@id@count=\count302
 (/usr/share/texlive/texmf-dist/tex/generic/pgf/systemlayer/pgf.cfg
File: pgf.cfg 2023-01-15 v3.1.10 (3.1.10)
)
Driver file for pgf: pgfsys-xetex.def
(/usr/share/texlive/texmf-dist/tex/generic/pgf/systemlayer/pgfsys-xetex.def
File: pgfsys-xetex.def 2023-01-15 v3.1.10 (3.1.10)

(/usr/share/texlive/texmf-dist/tex/generic/pgf/systemlayer/pgfsys-dvipdfmx.def
File: pgfsys-dvipdfmx.def 2023-01-15 v3.1.10 (3.1.10)

(/usr/share/texlive/texmf-dist/tex/generic/pgf/systemlayer/pgfsys-common-pdf.de
f
File: pgfsys-common-pdf.def 2023-01-15 v3.1.10 (3.1.10)
)
\pgfsys@objnum=\count303
)))
(/usr/share/texlive/texmf-dist/tex/generic/pgf/systemlayer/pgfsyssoftpath.code.
tex
File: pgfsyssoftpath.code.tex 2023-01-15 v3.1.10 (3.1.10)
\pgfsyssoftpath@smallbuffer@items=\count304
\pgfsyssoftpath@bigbuffer@items=\count305
)
(/usr/share/texlive/texmf-dist/tex/generic/pgf/systemlayer/pgfsysprotocol.code.
tex
File: pgfsysprotocol.code.tex 2023-01-15 v3.1.10 (3.1.10)
))
(/usr/share/texlive/texmf-dist/tex/generic/pgf/basiclayer/pgfcore.code.tex
Package: pgfcore 2023-01-15 v3.1.10 (3.1.10)

(/usr/share/texlive/texmf-dist/tex/generic/pgf/math/pgfmath.code.tex
(/usr/share/texlive/texmf-dist/tex/generic/pgf/math/pgfmathutil.code.tex)
(/usr/share/texlive/texmf-dist/tex/generic/pgf/math/pgfmathparser.code.tex
\pgfmath@dimen=\dimen197
\pgfmath@count=\count306
\pgfmath@box=\box60
\pgfmath@toks=\toks36
\pgfmath@stack@operand=\toks37
\pgfmath@stack@operation=\toks38
)
(/usr/share/texlive/texmf-dist/tex/generic/pgf/math/pgfmathfunctions.code.tex)
(/usr/share/texlive/texmf-dist/tex/generic/pgf/math/pgfmathfunctions.basic.code
.tex)
(/usr/share/texlive/texmf-dist/tex/generic/pgf/math/pgfmathfunctions.trigonomet
ric.code.tex)
(/usr/share/texlive/texmf-dist/tex/generic/pgf/math/pgfmathfunctions.random.cod
e.tex)
(/usr/share/texlive/texmf-dist/tex/generic/pgf/math/pgfmathfunctions.comparison
.code.tex)
(/usr/share/texlive/texmf-dist/tex/generic/pgf/math/pgfmathfunctions.base.code.
tex)
(/usr/share/texlive/texmf-dist/tex/generic/pgf/math/pgfmathfunctions.round.code
.tex)
(/usr/share/texlive/texmf-dist/tex/generic/pgf/math/pgfmathfunctions.misc.code.
tex)
(/usr/share/texlive/texmf-dist/tex/generic/pgf/math/pgfmathfunctions.integerari
thmetics.code.tex)
(/usr/share/texlive/texmf-dist/tex/generic/pgf/math/pgfmathcalc.code.tex)
(/usr/share/texlive/texmf-dist/tex/generic/pgf/math/pgfmathfloat.code.tex
\c@pgfmathroundto@lastzeros=\count307
))
(/usr/share/texlive/texmf-dist/tex/generic/pgf/math/pgfint.code.tex)
(/usr/share/texlive/texmf-dist/tex/generic/pgf/basiclayer/pgfcorepoints.code.te
x
File: pgfcorepoints.code.tex 2023-01-15 v3.1.10 (3.1.10)
\pgf@picminx=\dimen198
\pgf@picmaxx=\dimen199
\pgf@picminy=\dimen256
\pgf@picmaxy=\dimen257
\pgf@pathminx=\dimen258
\pgf@pathmaxx=\dimen259
\pgf@pathminy=\dimen260
\pgf@pathmaxy=\dimen261
\pgf@xx=\dimen262
\pgf@xy=\dimen263
\pgf@yx=\dimen264
\pgf@yy=\dimen265
\pgf@zx=\dimen266
\pgf@zy=\dimen267
)
(/usr/share/texlive/texmf-dist/tex/generic/pgf/basiclayer/pgfcorepathconstruct.
code.tex
File: pgfcorepathconstruct.code.tex 2023-01-15 v3.1.10 (3.1.10)
\pgf@path@lastx=\dimen268
\pgf@path@lasty=\dimen269
)
(/usr/share/texlive/texmf-dist/tex/generic/pgf/basiclayer/pgfcorepathusage.code
.tex
File: pgfcorepathusage.code.tex 2023-01-15 v3.1.10 (3.1.10)
\pgf@shorten@end@additional=\dimen270
\pgf@shorten@start@additional=\dimen271
)
(/usr/share/texlive/texmf-dist/tex/generic/pgf/basiclayer/pgfcorescopes.code.te
x
File: pgfcorescopes.code.tex 2023-01-15 v3.1.10 (3.1.10)
\pgfpic=\box61
\pgf@hbox=\box62
\pgf@layerbox@main=\box63
\pgf@picture@serial@count=\count308
)
(/usr/share/texlive/texmf-dist/tex/generic/pgf/basiclayer/pgfcoregraphicstate.c
ode.tex
File: pgfcoregraphicstate.code.tex 2023-01-15 v3.1.10 (3.1.10)
\pgflinewidth=\dimen272
)
(/usr/share/texlive/texmf-dist/tex/generic/pgf/basiclayer/pgfcoretransformation
s.code.tex
File: pgfcoretransformations.code.tex 2023-01-15 v3.1.10 (3.1.10)
\pgf@pt@x=\dimen273
\pgf@pt@y=\dimen274
\pgf@pt@temp=\dimen275
)
(/usr/share/texlive/texmf-dist/tex/generic/pgf/basiclayer/pgfcorequick.code.tex
File: pgfcorequick.code.tex 2023-01-15 v3.1.10 (3.1.10)
)
(/usr/share/texlive/texmf-dist/tex/generic/pgf/basiclayer/pgfcoreobjects.code.t
ex
File: pgfcoreobjects.code.tex 2023-01-15 v3.1.10 (3.1.10)
)
(/usr/share/texlive/texmf-dist/tex/generic/pgf/basiclayer/pgfcorepathprocessing
.code.tex
File: pgfcorepathprocessing.code.tex 2023-01-15 v3.1.10 (3.1.10)
)
(/usr/share/texlive/texmf-dist/tex/generic/pgf/basiclayer/pgfcorearrows.code.te
x
File: pgfcorearrows.code.tex 2023-01-15 v3.1.10 (3.1.10)
\pgfarrowsep=\dimen276
)
(/usr/share/texlive/texmf-dist/tex/generic/pgf/basiclayer/pgfcoreshade.code.tex
File: pgfcoreshade.code.tex 2023-01-15 v3.1.10 (3.1.10)
\pgf@max=\dimen277
\pgf@sys@shading@range@num=\count309
\pgf@shadingcount=\count310
)
(/usr/share/texlive/texmf-dist/tex/generic/pgf/basiclayer/pgfcoreimage.code.tex
File: pgfcoreimage.code.tex 2023-01-15 v3.1.10 (3.1.10)
)
(/usr/share/texlive/texmf-dist/tex/generic/pgf/basiclayer/pgfcoreexternal.code.
tex
File: pgfcoreexternal.code.tex 2023-01-15 v3.1.10 (3.1.10)
\pgfexternal@startupbox=\box64
)
(/usr/share/texlive/texmf-dist/tex/generic/pgf/basiclayer/pgfcorelayers.code.te
x
File: pgfcorelayers.code.tex 2023-01-15 v3.1.10 (3.1.10)
)
(/usr/share/texlive/texmf-dist/tex/generic/pgf/basiclayer/pgfcoretransparency.c
ode.tex
File: pgfcoretransparency.code.tex 2023-01-15 v3.1.10 (3.1.10)
)
(/usr/share/texlive/texmf-dist/tex/generic/pgf/basiclayer/pgfcorepatterns.code.
tex
File: pgfcorepatterns.code.tex 2023-01-15 v3.1.10 (3.1.10)
)
(/usr/share/texlive/texmf-dist/tex/generic/pgf/basiclayer/pgfcorerdf.code.tex
File: pgfcorerdf.code.tex 2023-01-15 v3.1.10 (3.1.10)
)))
(/usr/share/texlive/texmf-dist/tex/generic/pgf/modules/pgfmoduleshapes.code.tex
File: pgfmoduleshapes.code.tex 2023-01-15 v3.1.10 (3.1.10)
\pgfnodeparttextbox=\box65
) (/usr/share/texlive/texmf-dist/tex/generic/pgf/modules/pgfmoduleplot.code.tex
File: pgfmoduleplot.code.tex 2023-01-15 v3.1.10 (3.1.10)
)
(/usr/share/texlive/texmf-dist/tex/latex/pgf/compatibility/pgfcomp-version-0-65
.sty
Package: pgfcomp-version-0-65 2023-01-15 v3.1.10 (3.1.10)
\pgf@nodesepstart=\dimen278
\pgf@nodesepend=\dimen279
)
(/usr/share/texlive/texmf-dist/tex/latex/pgf/compatibility/pgfcomp-version-1-18
.sty
Package: pgfcomp-version-1-18 2023-01-15 v3.1.10 (3.1.10)
)) (/usr/share/texlive/texmf-dist/tex/latex/pgf/utilities/pgffor.sty
(/usr/share/texlive/texmf-dist/tex/latex/pgf/utilities/pgfkeys.sty
(/usr/share/texlive/texmf-dist/tex/generic/pgf/utilities/pgfkeys.code.tex))
(/usr/share/texlive/texmf-dist/tex/latex/pgf/math/pgfmath.sty
(/usr/share/texlive/texmf-dist/tex/generic/pgf/math/pgfmath.code.tex))
(/usr/share/texlive/texmf-dist/tex/generic/pgf/utilities/pgffor.code.tex
Package: pgffor 2023-01-15 v3.1.10 (3.1.10)
\pgffor@iter=\dimen280
\pgffor@skip=\dimen281
\pgffor@stack=\toks39
\pgffor@toks=\toks40
))
(/usr/share/texlive/texmf-dist/tex/generic/pgf/frontendlayer/tikz/tikz.code.tex
Package: tikz 2023-01-15 v3.1.10 (3.1.10)

(/usr/share/texlive/texmf-dist/tex/generic/pgf/libraries/pgflibraryplothandlers
.code.tex
File: pgflibraryplothandlers.code.tex 2023-01-15 v3.1.10 (3.1.10)
\pgf@plot@mark@count=\count311
\pgfplotmarksize=\dimen282
)
\tikz@lastx=\dimen283
\tikz@lasty=\dimen284
\tikz@lastxsaved=\dimen285
\tikz@lastysaved=\dimen286
\tikz@lastmovetox=\dimen287
\tikz@lastmovetoy=\dimen288
\tikzleveldistance=\dimen289
\tikzsiblingdistance=\dimen290
\tikz@figbox=\box66
\tikz@figbox@bg=\box67
\tikz@tempbox=\box68
\tikz@tempbox@bg=\box69
\tikztreelevel=\count312
\tikznumberofchildren=\count313
\tikznumberofcurrentchild=\count314
\tikz@fig@count=\count315

(/usr/share/texlive/texmf-dist/tex/generic/pgf/modules/pgfmodulematrix.code.tex
File: pgfmodulematrix.code.tex 2023-01-15 v3.1.10 (3.1.10)
\pgfmatrixcurrentrow=\count316
\pgfmatrixcurrentcolumn=\count317
\pgf@matrix@numberofcolumns=\count318
)
\tikz@expandcount=\count319

(/usr/share/texlive/texmf-dist/tex/generic/pgf/frontendlayer/tikz/libraries/tik
zlibrarytopaths.code.tex
File: tikzlibrarytopaths.code.tex 2023-01-15 v3.1.10 (3.1.10)
)))
(/usr/share/texlive/texmf-dist/tex/latex/tcolorbox/tcolorbox.sty
Package: tcolorbox 2024/01/10 version 6.2.0 text color boxes

(/usr/share/texlive/texmf-dist/tex/latex/tools/verbatim.sty
Package: verbatim 2023-11-06 v1.5v LaTeX2e package for verbatim enhancements
\every@verbatim=\toks41
\verbatim@line=\toks42
\verbatim@in@stream=\read3
)
(/usr/share/texlive/texmf-dist/tex/latex/environ/environ.sty
Package: environ 2014/05/04 v0.3 A new way to define environments

(/usr/share/texlive/texmf-dist/tex/latex/trimspaces/trimspaces.sty
Package: trimspaces 2009/09/17 v1.1 Trim spaces around a token list
))
(/usr/share/texlive/texmf-dist/tex/latex/etoolbox/etoolbox.sty
Package: etoolbox 2020/10/05 v2.5k e-TeX tools for LaTeX (JAW)
\etb@tempcnta=\count320
)
\tcb@titlebox=\box70
\tcb@upperbox=\box71
\tcb@lowerbox=\box72
\tcb@phantombox=\box73
\c@tcbbreakpart=\count321
\c@tcblayer=\count322
\c@tcolorbox@number=\count323
\l__tcobox_tmpa_box=\box74
\l__tcobox_tmpa_dim=\dimen291
\tcb@temp=\box75
\tcb@temp=\box76
\tcb@temp=\box77
\tcb@temp=\box78

(/usr/share/texlive/texmf-dist/tex/latex/tcolorbox/tcbraster.code.tex
Library (tcolorbox): 'tcbraster.code.tex' version '6.2.0'
\c@tcbrastercolumn=\count324
\c@tcbrasterrow=\count325
\c@tcbrasternum=\count326
\c@tcbraster=\count327
) (/usr/share/texlive/texmf-dist/tex/latex/tcolorbox/tcbskins.code.tex
Library (tcolorbox): 'tcbskins.code.tex' version '6.2.0'
(/usr/share/texlive/texmf-dist/tex/latex/tikzfill/tikzfill.image.sty
Package: tikzfill.image 2023/08/08 v1.0.1 Image filling library for TikZ

(/usr/share/texlive/texmf-dist/tex/latex/tikzfill/tikzfill-common.sty
Package: tikzfill-common 2023/08/08 v1.0.1 Auxiliary code for tikzfill
)
(/usr/share/texlive/texmf-dist/tex/latex/tikzfill/tikzlibraryfill.image.code.te
x
File: tikzlibraryfill.image.code.tex 2023/08/08 v1.0.1 Image filling library
\l__tikzfill_img_box=\box79
)) (/usr/share/texlive/texmf-dist/tex/latex/tcolorbox/tcbskinsjigsaw.code.tex
Library (tcolorbox): 'tcbskinsjigsaw.code.tex' version '6.2.0'
)) (/usr/share/texlive/texmf-dist/tex/latex/tcolorbox/tcbbreakable.code.tex
Library (tcolorbox): 'tcbbreakable.code.tex' version '6.2.0'
(/usr/share/texlive/texmf-dist/tex/latex/pdfcol/pdfcol.sty
Package: pdfcol 2022-09-21 v1.7 Handle new color stacks for pdfTeX (HO)

(/usr/share/texlive/texmf-dist/tex/generic/ltxcmds/ltxcmds.sty
Package: ltxcmds 2023-12-04 v1.26 LaTeX kernel commands for general use (HO)
)
(/usr/share/texlive/texmf-dist/tex/generic/infwarerr/infwarerr.sty
Package: infwarerr 2019/12/03 v1.5 Providing info/warning/error messages (HO)
)
Package pdfcol Info: Interface disabled because of missing PDF mode of pdfTeX.
)
Package pdfcol Info: pdfTeX's color stacks are not available.
\tcb@testbox=\box80
\tcb@totalupperbox=\box81
\tcb@totallowerbox=\box82
)
(/usr/share/texlive/texmf-dist/tex/latex/tcolorbox/tcbhooks.code.tex
Library (tcolorbox): 'tcbhooks.code.tex' version '6.2.0'
) (/usr/share/texlive/texmf-dist/tex/latex/tcolorbox/tcbtheorems.code.tex
Library (tcolorbox): 'tcbtheorems.code.tex' version '6.2.0'
) (/usr/share/texlive/texmf-dist/tex/latex/tcolorbox/tcbfitting.code.tex
Library (tcolorbox): 'tcbfitting.code.tex' version '6.2.0'
\tcbfitdim=\dimen292
\tcb@lowerfitdim=\dimen293
\tcb@upperfitdim=\dimen294
\tcb@cur@hbadness=\count328
) (/usr/share/texlive/texmf-dist/tex/latex/tcolorbox/tcblistingsutf8.code.tex
Library (tcolorbox): 'tcblistingsutf8.code.tex' version '6.2.0'
(/usr/share/texlive/texmf-dist/tex/latex/tcolorbox/tcblistings.code.tex
Library (tcolorbox): 'tcblistings.code.tex' version '6.2.0'
(/usr/share/texlive/texmf-dist/tex/latex/listings/listings.sty
\lst@mode=\count329
\lst@gtempboxa=\box83
\lst@token=\toks43
\lst@length=\count330
\lst@currlwidth=\dimen295
\lst@column=\count331
\lst@pos=\count332
\lst@lostspace=\dimen296
\lst@width=\dimen297
\lst@newlines=\count333
\lst@lineno=\count334
\lst@maxwidth=\dimen298

(/usr/share/texlive/texmf-dist/tex/latex/listings/lstmisc.sty
File: lstmisc.sty 2023/02/27 1.9 (Carsten Heinz)
\c@lstnumber=\count335
\lst@skipnumbers=\count336
\lst@framebox=\box84
)
(/usr/share/texlive/texmf-dist/tex/latex/listings/listings.cfg
File: listings.cfg 2023/02/27 1.9 listings configuration
))
Package: listings 2023/02/27 1.9 (Carsten Heinz)

(/usr/share/texlive/texmf-dist/tex/latex/tcolorbox/tcblistingscore.code.tex
Library (tcolorbox): 'tcblistingscore.code.tex' version '6.2.0'
(/usr/share/texlive/texmf-dist/tex/latex/tcolorbox/tcbprocessing.code.tex
Library (tcolorbox): 'tcbprocessing.code.tex' version '6.2.0'
)
\c@tcblisting=\count337
))
Package tcolorbox Info: Library `listingsutf8' is compatible with pdftex only. 
Library `listings` is loaded instead. on input line 29.
) (/usr/share/texlive/texmf-dist/tex/latex/tcolorbox/tcbexternal.code.tex
Library (tcolorbox): 'tcbexternal.code.tex' version '6.2.0'
) (/usr/share/texlive/texmf-dist/tex/latex/tcolorbox/tcbmagazine.code.tex
Library (tcolorbox): 'tcbmagazine.code.tex' version '6.2.0'
) (/usr/share/texlive/texmf-dist/tex/latex/tcolorbox/tcbvignette.code.tex
Library (tcolorbox): 'tcbvignette.code.tex' version '6.2.0'

(/usr/share/texlive/texmf-dist/tex/generic/pgf/frontendlayer/tikz/libraries/tik
zlibraryfadings.code.tex
File: tikzlibraryfadings.code.tex 2023-01-15 v3.1.10 (3.1.10)

(/usr/share/texlive/texmf-dist/tex/generic/pgf/libraries/pgflibraryfadings.code
.tex
File: pgflibraryfadings.code.tex 2023-01-15 v3.1.10 (3.1.10)
))) (/usr/share/texlive/texmf-dist/tex/latex/tcolorbox/tcbposter.code.tex
Library (tcolorbox): 'tcbposter.code.tex' version '6.2.0'
)) (/usr/share/texlive/texmf-dist/tex/latex/eso-pic/eso-pic.sty
Package: eso-pic 2023/05/03 v3.0c eso-pic (RN)
\ESO@tempdima=\dimen299
\ESO@tempdimb=\dimen300
)
(/usr/share/texlive/texmf-dist/tex/latex/hyperref/hyperref.sty
Package: hyperref 2024-01-20 v7.01h Hypertext links for LaTeX

(/usr/share/texlive/texmf-dist/tex/latex/kvsetkeys/kvsetkeys.sty
Package: kvsetkeys 2022-10-05 v1.19 Key value parser (HO)
)
(/usr/share/texlive/texmf-dist/tex/generic/kvdefinekeys/kvdefinekeys.sty
Package: kvdefinekeys 2019-12-19 v1.6 Define keys (HO)
)
(/usr/share/texlive/texmf-dist/tex/generic/pdfescape/pdfescape.sty
Package: pdfescape 2019/12/09 v1.15 Implements pdfTeX's escape features (HO)

(/usr/share/texlive/texmf-dist/tex/generic/pdftexcmds/pdftexcmds.sty
Package: pdftexcmds 2020-06-27 v0.33 Utility functions of pdfTeX for LuaTeX (HO
)
Package pdftexcmds Info: \pdf@primitive is available.
Package pdftexcmds Info: \pdf@ifprimitive is available.
Package pdftexcmds Info: \pdfdraftmode not found.
))
(/usr/share/texlive/texmf-dist/tex/latex/hycolor/hycolor.sty
Package: hycolor 2020-01-27 v1.10 Color options for hyperref/bookmark (HO)
)
(/usr/share/texlive/texmf-dist/tex/latex/auxhook/auxhook.sty
Package: auxhook 2019-12-17 v1.6 Hooks for auxiliary files (HO)
)
(/usr/share/texlive/texmf-dist/tex/latex/hyperref/nameref.sty
Package: nameref 2023-11-26 v2.56 Cross-referencing by name of section

(/usr/share/texlive/texmf-dist/tex/latex/refcount/refcount.sty
Package: refcount 2019/12/15 v3.6 Data extraction from label references (HO)
)
(/usr/share/texlive/texmf-dist/tex/generic/gettitlestring/gettitlestring.sty
Package: gettitlestring 2019/12/15 v1.6 Cleanup title references (HO)

(/usr/share/texlive/texmf-dist/tex/latex/kvoptions/kvoptions.sty
Package: kvoptions 2022-06-15 v3.15 Key value format for package options (HO)
))
\c@section@level=\count338
)
\@linkdim=\dimen301
\Hy@linkcounter=\count339
\Hy@pagecounter=\count340

(/usr/share/texlive/texmf-dist/tex/latex/hyperref/pd1enc.def
File: pd1enc.def 2024-01-20 v7.01h Hyperref: PDFDocEncoding definition (HO)
)
(/usr/share/texlive/texmf-dist/tex/generic/intcalc/intcalc.sty
Package: intcalc 2019/12/15 v1.3 Expandable calculations with integers (HO)
)
\Hy@SavedSpaceFactor=\count341

(/usr/share/texlive/texmf-dist/tex/latex/hyperref/puenc.def
File: puenc.def 2024-01-20 v7.01h Hyperref: PDF Unicode definition (HO)
)
Package hyperref Info: Option `final' set `true' on input line 4062.
Package hyperref Info: Hyper figures OFF on input line 4179.
Package hyperref Info: Link nesting OFF on input line 4184.
Package hyperref Info: Hyper index ON on input line 4187.
Package hyperref Info: Plain pages OFF on input line 4194.
Package hyperref Info: Backreferencing OFF on input line 4199.
Package hyperref Info: Implicit mode ON; LaTeX internals redefined.
Package hyperref Info: Bookmarks ON on input line 4446.
\c@Hy@tempcnt=\count342

(/usr/share/texlive/texmf-dist/tex/latex/url/url.sty
\Urlmuskip=\muskip18
Package: url 2013/09/16  ver 3.4  Verb mode for urls, etc.
)
LaTeX Info: Redefining \url on input line 4784.
\XeTeXLinkMargin=\dimen302

(/usr/share/texlive/texmf-dist/tex/generic/bitset/bitset.sty
Package: bitset 2019/12/09 v1.3 Handle bit-vector datatype (HO)

(/usr/share/texlive/texmf-dist/tex/generic/bigintcalc/bigintcalc.sty
Package: bigintcalc 2019/12/15 v1.5 Expandable calculations on big integers (HO
)
))
\Fld@menulength=\count343
\Field@Width=\dimen303
\Fld@charsize=\dimen304
Package hyperref Info: Hyper figures OFF on input line 6063.
Package hyperref Info: Link nesting OFF on input line 6068.
Package hyperref Info: Hyper index ON on input line 6071.
Package hyperref Info: backreferencing OFF on input line 6078.
Package hyperref Info: Link coloring OFF on input line 6083.
Package hyperref Info: Link coloring with OCG OFF on input line 6088.
Package hyperref Info: PDF/A mode OFF on input line 6093.

(/usr/share/texlive/texmf-dist/tex/latex/base/atbegshi-ltx.sty
Package: atbegshi-ltx 2021/01/10 v1.0c Emulation of the original atbegshi
package with kernel methods
)
\Hy@abspage=\count344
\c@Item=\count345
\c@Hfootnote=\count346
)
Package hyperref Info: Driver (autodetected): hxetex.

(/usr/share/texlive/texmf-dist/tex/latex/hyperref/hxetex.def
File: hxetex.def 2024-01-20 v7.01h Hyperref driver for XeTeX

(/usr/share/texlive/texmf-dist/tex/generic/stringenc/stringenc.sty
Package: stringenc 2019/11/29 v1.12 Convert strings between diff. encodings (HO
)
)
\pdfm@box=\box85
\c@Hy@AnnotLevel=\count347
\HyField@AnnotCount=\count348
\Fld@listcount=\count349
\c@bookmark@seq@number=\count350

(/usr/share/texlive/texmf-dist/tex/latex/rerunfilecheck/rerunfilecheck.sty
Package: rerunfilecheck 2022-07-10 v1.10 Rerun checks for auxiliary files (HO)

(/usr/share/texlive/texmf-dist/tex/latex/base/atveryend-ltx.sty
Package: atveryend-ltx 2020/08/19 v1.0a Emulation of the original atveryend pac
kage
with kernel methods
)
(/usr/share/texlive/texmf-dist/tex/generic/uniquecounter/uniquecounter.sty
Package: uniquecounter 2019/12/15 v1.4 Provide unlimited unique counter (HO)
)
Package uniquecounter Info: New unique counter `rerunfilecheck' on input line 2
85.
)
\Hy@SectionHShift=\skip71
)
\PosterOuterMargin=\skip72
\PosterContentWidth=\skip73
\PosterContentHeight=\skip74
\PosterHeaderHeight=\skip75
\PosterBodyTopSkip=\skip76
\PosterColumnGap=\skip77
\PosterColumnWidth=\skip78
\PosterSectionBarHeight=\skip79
\PosterFooterHeight=\skip80
\PosterTitleCol=\skip81
\PosterMetaCol=\skip82

Package fontspec Info: Font family 'Calibri(0)' created for font 'Calibri'
(fontspec)             with options
(fontspec)             [Ligatures=TeX,Path=/mnt/c/Windows/Fonts/,UprightFont=ca
libri.ttf,BoldFont=calibrib.ttf,ItalicFont=calibrii.ttf,BoldItalicFont=calibriz
.ttf].
(fontspec)              
(fontspec)              This font family consists of the following NFSS
(fontspec)             series/shapes:
(fontspec)              
(fontspec)             - 'normal' (m/n) with NFSS spec.:
(fontspec)             <->"[/mnt/c/Windows/Fonts/calibri.ttf]/OT:script=latn;la
nguage=dflt;mapping=tex-text;"
(fontspec)             - 'small caps'  (m/sc) with NFSS spec.:
(fontspec)             <->"[/mnt/c/Windows/Fonts/calibri.ttf]/OT:script=latn;la
nguage=dflt;+smcp;mapping=tex-text;"
(fontspec)             - 'bold' (b/n) with NFSS spec.:
(fontspec)             <->"[/mnt/c/Windows/Fonts/calibrib.ttf]/OT:script=latn;l
anguage=dflt;mapping=tex-text;"
(fontspec)             - 'bold small caps'  (b/sc) with NFSS spec.:
(fontspec)             <->"[/mnt/c/Windows/Fonts/calibrib.ttf]/OT:script=latn;l
anguage=dflt;+smcp;mapping=tex-text;"
(fontspec)             - 'italic' (m/it) with NFSS spec.:
(fontspec)             <->"[/mnt/c/Windows/Fonts/calibrii.ttf]/OT:script=latn;l
anguage=dflt;mapping=tex-text;"
(fontspec)             - 'italic small caps'  (m/scit) with NFSS spec.:
(fontspec)             <->"[/mnt/c/Windows/Fonts/calibrii.ttf]/OT:script=latn;l
anguage=dflt;+smcp;mapping=tex-text;"
(fontspec)             - 'bold italic' (b/it) with NFSS spec.:
(fontspec)             <->"[/mnt/c/Windows/Fonts/calibriz.ttf]/OT:script=latn;l
anguage=dflt;mapping=tex-text;"
(fontspec)             - 'bold italic small caps'  (b/scit) with NFSS spec.:
(fontspec)             <->"[/mnt/c/Windows/Fonts/calibriz.ttf]/OT:script=latn;l
anguage=dflt;+smcp;mapping=tex-text;"


Package fontspec Info: Font family 'Calibri(1)' created for font 'Calibri'
(fontspec)             with options
(fontspec)             [Path=/mnt/c/Windows/Fonts/,UprightFont=calibri.ttf,Bold
Font=calibrib.ttf,ItalicFont=calibrii.ttf,BoldItalicFont=calibriz.ttf].
(fontspec)              
(fontspec)              This font family consists of the following NFSS
(fontspec)             series/shapes:
(fontspec)              
(fontspec)             - 'normal' (m/n) with NFSS spec.:
(fontspec)             <->"[/mnt/c/Windows/Fonts/calibri.ttf]/OT:script=latn;la
nguage=dflt;"
(fontspec)             - 'small caps'  (m/sc) with NFSS spec.:
(fontspec)             <->"[/mnt/c/Windows/Fonts/calibri.ttf]/OT:script=latn;la
nguage=dflt;+smcp;"
(fontspec)             - 'bold' (b/n) with NFSS spec.:
(fontspec)             <->"[/mnt/c/Windows/Fonts/calibrib.ttf]/OT:script=latn;l
anguage=dflt;"
(fontspec)             - 'bold small caps'  (b/sc) with NFSS spec.:
(fontspec)             <->"[/mnt/c/Windows/Fonts/calibrib.ttf]/OT:script=latn;l
anguage=dflt;+smcp;"
(fontspec)             - 'italic' (m/it) with NFSS spec.:
(fontspec)             <->"[/mnt/c/Windows/Fonts/calibrii.ttf]/OT:script=latn;l
anguage=dflt;"
(fontspec)             - 'italic small caps'  (m/scit) with NFSS spec.:
(fontspec)             <->"[/mnt/c/Windows/Fonts/calibrii.ttf]/OT:script=latn;l
anguage=dflt;+smcp;"
(fontspec)             - 'bold italic' (b/it) with NFSS spec.:
(fontspec)             <->"[/mnt/c/Windows/Fonts/calibriz.ttf]/OT:script=latn;l
anguage=dflt;"
(fontspec)             - 'bold italic small caps'  (b/scit) with NFSS spec.:
(fontspec)             <->"[/mnt/c/Windows/Fonts/calibriz.ttf]/OT:script=latn;l
anguage=dflt;+smcp;"

LaTeX Font Info:    Overwriting math alphabet `\mathrm' in version `normal'
(Font)                  OT1/cmr/m/n --> TU/Calibri(1)/m/n on input line 155.
LaTeX Font Info:    Overwriting math alphabet `\mathit' in version `normal'
(Font)                  OT1/cmr/m/it --> TU/Calibri(1)/m/it on input line 155.
LaTeX Font Info:    Overwriting math alphabet `\mathbf' in version `normal'
(Font)                  OT1/cmr/bx/n --> TU/Calibri(1)/b/n on input line 155.
LaTeX Font Info:    Overwriting math alphabet `\mathsf' in version `normal'
(Font)                  OT1/cmss/m/n --> TU/Calibri(1)/m/n on input line 156.
LaTeX Font Info:    Overwriting math alphabet `\mathsf' in version `bold'
(Font)                  OT1/cmss/bx/n --> TU/Calibri(1)/b/n on input line 156.

Package fontspec Info: Font family 'Pretendard-Regular.otf(0)' created for
(fontspec)             font 'Pretendard-Regular.otf' with options
(fontspec)             [Ligatures=TeX,Path=../design_harness/fonts/pretendard/s
tatic/,BoldFont=Pretendard-Bold.otf].
(fontspec)              
(fontspec)              This font family consists of the following NFSS
(fontspec)             series/shapes:
(fontspec)              
(fontspec)             - 'normal' (m/n) with NFSS spec.:
(fontspec)             <->"[../design_harness/fonts/pretendard/static/Pretendar
d-Regular.otf]/OT:script=latn;language=dflt;mapping=tex-text;"
(fontspec)             - 'small caps'  (m/sc) with NFSS spec.: 
(fontspec)             - 'bold' (b/n) with NFSS spec.:
(fontspec)             <->"[../design_harness/fonts/pretendard/static/Pretendar
d-Bold.otf]/OT:script=latn;language=dflt;mapping=tex-text;"
(fontspec)             - 'bold small caps'  (b/sc) with NFSS spec.: 


Package fontspec Info: Font family 'Pretendard-Regular.otf(1)' created for
(fontspec)             font 'Pretendard-Regular.otf' with options
(fontspec)             [Ligatures=TeX,Path={../design_harness/fonts/pretendard/
static/},BoldFont={Pretendard-Bold.otf}].
(fontspec)              
(fontspec)              This font family consists of the following NFSS
(fontspec)             series/shapes:
(fontspec)              
(fontspec)             - 'normal' (m/n) with NFSS spec.:
(fontspec)             <->"[../design_harness/fonts/pretendard/static/Pretendar
d-Regular.otf]/OT:script=latn;language=dflt;mapping=tex-text;"
(fontspec)             - 'small caps'  (m/sc) with NFSS spec.: 
(fontspec)             - 'bold' (b/n) with NFSS spec.:
(fontspec)             <->"[../design_harness/fonts/pretendard/static/Pretendar
d-Bold.otf]/OT:script=latn;language=dflt;mapping=tex-text;"
(fontspec)             - 'bold small caps'  (b/sc) with NFSS spec.: 


Package fontspec Info: Font family 'cambria.ttc(0)' created for font
(fontspec)             'cambria.ttc' with options
(fontspec)             [BoldItalicFont={},ItalicFont={},SmallCapsFont={},Script
=Math,Path={/mnt/c/Windows/Fonts/},FontIndex={1}].
(fontspec)              
(fontspec)              This font family consists of the following NFSS
(fontspec)             series/shapes:
(fontspec)              
(fontspec)             - 'normal' (m/n) with NFSS spec.:
(fontspec)             <->"[/mnt/c/Windows/Fonts/cambria.ttc:1]/OT:script=math;
language=dflt;"
(fontspec)             - 'small caps'  (m/sc) with NFSS spec.: 
(fontspec)             - 'bold' (b/n) with NFSS spec.:
(fontspec)             <->"[/mnt/c/Windows/Fonts/cambria.ttc:1]/OT:script=math;
language=dflt;"
(fontspec)             - 'bold small caps'  (b/sc) with NFSS spec.: 
(fontspec)             - 'italic' (m/it) with NFSS spec.:
(fontspec)             <->"[/mnt/c/Windows/Fonts/cambria.ttc:1]/OT:script=math;
language=dflt;"
(fontspec)             - 'italic small caps'  (m/scit) with NFSS spec.: 


Package fontspec Info: Font family 'cambria.ttc(1)' created for font
(fontspec)             'cambria.ttc' with options
(fontspec)             [BoldItalicFont={},ItalicFont={},SmallCapsFont={},Script
=Math,SizeFeatures={{Size=8.65-},{Size=6.65-8.65,Font=cambria.ttc,Style=MathScr
ipt},{Size=-6.65,Font=cambria.ttc,Style=MathScriptScript}},Path={/mnt/c/Windows
/Fonts/},FontIndex={1}].
(fontspec)              
(fontspec)              This font family consists of the following NFSS
(fontspec)             series/shapes:
(fontspec)              
(fontspec)             - 'normal' (m/n) with NFSS spec.:
(fontspec)             <8.65->"[/mnt/c/Windows/Fonts/cambria.ttc:1]/OT:script=m
ath;language=dflt;"<6.65-8.65>"[/mnt/c/Windows/Fonts/cambria.ttc:1]/OT:script=m
ath;language=dflt;+ssty=0;"<-6.65>"[/mnt/c/Windows/Fonts/cambria.ttc:1]/OT:scri
pt=math;language=dflt;+ssty=1;"
(fontspec)             - 'small caps'  (m/sc) with NFSS spec.: 
(fontspec)             - 'bold' (b/n) with NFSS spec.:
(fontspec)             <->"[/mnt/c/Windows/Fonts/cambria.ttc:1]/OT:script=math;
language=dflt;"
(fontspec)             - 'bold small caps'  (b/sc) with NFSS spec.: 
(fontspec)             - 'italic' (m/it) with NFSS spec.:
(fontspec)             <->"[/mnt/c/Windows/Fonts/cambria.ttc:1]/OT:script=math;
language=dflt;"
(fontspec)             - 'italic small caps'  (m/scit) with NFSS spec.: 

LaTeX Font Info:    Encoding `OT1' has changed to `TU' for symbol font
(Font)              `operators' in the math version `normal' on input line 202.

LaTeX Font Info:    Overwriting symbol font `operators' in version `normal'
(Font)                  OT1/cmr/m/n --> TU/cambria.ttc(1)/m/n on input line 202
.
LaTeX Font Info:    Encoding `OT1' has changed to `TU' for symbol font
(Font)              `operators' in the math version `bold' on input line 202.
LaTeX Font Info:    Overwriting symbol font `operators' in version `bold'
(Font)                  OT1/cmr/bx/n --> TU/cambria.ttc(1)/b/n on input line 20
2.

Package fontspec Info: cambria scale = 1.0001.


Package fontspec Info: cambria scale = 1.0001.


Package fontspec Info: cambria scale = 1.0001.


Package fontspec Info: cambria scale = 1.0001.


Package fontspec Info: cambria scale = 1.0001.


Package fontspec Info: cambria scale = 1.0001.


Package fontspec Info: Font family 'cambria.ttc(2)' created for font
(fontspec)             'cambria.ttc' with options
(fontspec)             [BoldItalicFont={},ItalicFont={},SmallCapsFont={},Script
=Math,SizeFeatures={{Size=8.65-},{Size=6.65-8.65,Font=cambria.ttc,Style=MathScr
ipt},{Size=-6.65,Font=cambria.ttc,Style=MathScriptScript}},Path={/mnt/c/Windows
/Fonts/},FontIndex={1},ScaleAgain=1.0001,FontAdjustment={\fontdimen
(fontspec)             8\font =7.56836pt\relax \fontdimen 9\font
(fontspec)             =5.85938pt\relax \fontdimen 10\font =4.58984pt\relax
(fontspec)             \fontdimen 11\font =6.68945pt\relax \fontdimen 12\font
(fontspec)             =5.0293pt\relax \fontdimen 13\font =3.66211pt\relax
(fontspec)             \fontdimen 14\font =3.66211pt\relax \fontdimen 15\font
(fontspec)             =3.00293pt\relax \fontdimen 16\font =2.04102pt\relax
(fontspec)             \fontdimen 17\font =2.04102pt\relax \fontdimen 18\font
(fontspec)             =2.2461pt\relax \fontdimen 19\font =1.5625pt\relax
(fontspec)             \fontdimen 22\font =2.85645pt\relax \fontdimen 20\font
(fontspec)             =0pt\relax \fontdimen 21\font =0pt\relax }].
(fontspec)              
(fontspec)              This font family consists of the following NFSS
(fontspec)             series/shapes:
(fontspec)              
(fontspec)             - 'normal' (m/n) with NFSS spec.:
(fontspec)             <8.65->s*[1.0001]"[/mnt/c/Windows/Fonts/cambria.ttc:1]/O
T:script=math;language=dflt;"<6.65-8.65>s*[1.0001]"[/mnt/c/Windows/Fonts/cambri
a.ttc:1]/OT:script=math;language=dflt;+ssty=0;"<-6.65>s*[1.0001]"[/mnt/c/Window
s/Fonts/cambria.ttc:1]/OT:script=math;language=dflt;+ssty=1;"
(fontspec)             - 'small caps'  (m/sc) with NFSS spec.: 
(fontspec)             and font adjustment code:
(fontspec)             \fontdimen 8\font =7.56836pt\relax \fontdimen 9\font
(fontspec)             =5.85938pt\relax \fontdimen 10\font =4.58984pt\relax
(fontspec)             \fontdimen 11\font =6.68945pt\relax \fontdimen 12\font
(fontspec)             =5.0293pt\relax \fontdimen 13\font =3.66211pt\relax
(fontspec)             \fontdimen 14\font =3.66211pt\relax \fontdimen 15\font
(fontspec)             =3.00293pt\relax \fontdimen 16\font =2.04102pt\relax
(fontspec)             \fontdimen 17\font =2.04102pt\relax \fontdimen 18\font
(fontspec)             =2.2461pt\relax \fontdimen 19\font =1.5625pt\relax
(fontspec)             \fontdimen 22\font =2.85645pt\relax \fontdimen 20\font
(fontspec)             =0pt\relax \fontdimen 21\font =0pt\relax 
(fontspec)             - 'bold' (b/n) with NFSS spec.:
(fontspec)             <->s*[1.0001]"[/mnt/c/Windows/Fonts/cambria.ttc:1]/OT:sc
ript=math;language=dflt;"
(fontspec)             - 'bold small caps'  (b/sc) with NFSS spec.: 
(fontspec)             and font adjustment code:
(fontspec)             \fontdimen 8\font =7.56836pt\relax \fontdimen 9\font
(fontspec)             =5.85938pt\relax \fontdimen 10\font =4.58984pt\relax
(fontspec)             \fontdimen 11\font =6.68945pt\relax \fontdimen 12\font
(fontspec)             =5.0293pt\relax \fontdimen 13\font =3.66211pt\relax
(fontspec)             \fontdimen 14\font =3.66211pt\relax \fontdimen 15\font
(fontspec)             =3.00293pt\relax \fontdimen 16\font =2.04102pt\relax
(fontspec)             \fontdimen 17\font =2.04102pt\relax \fontdimen 18\font
(fontspec)             =2.2461pt\relax \fontdimen 19\font =1.5625pt\relax
(fontspec)             \fontdimen 22\font =2.85645pt\relax \fontdimen 20\font
(fontspec)             =0pt\relax \fontdimen 21\font =0pt\relax 
(fontspec)             - 'italic' (m/it) with NFSS spec.:
(fontspec)             <->s*[1.0001]"[/mnt/c/Windows/Fonts/cambria.ttc:1]/OT:sc
ript=math;language=dflt;"
(fontspec)             - 'italic small caps'  (m/scit) with NFSS spec.: 
(fontspec)             and font adjustment code:
(fontspec)             \fontdimen 8\font =7.56836pt\relax \fontdimen 9\font
(fontspec)             =5.85938pt\relax \fontdimen 10\font =4.58984pt\relax
(fontspec)             \fontdimen 11\font =6.68945pt\relax \fontdimen 12\font
(fontspec)             =5.0293pt\relax \fontdimen 13\font =3.66211pt\relax
(fontspec)             \fontdimen 14\font =3.66211pt\relax \fontdimen 15\font
(fontspec)             =3.00293pt\relax \fontdimen 16\font =2.04102pt\relax
(fontspec)             \fontdimen 17\font =2.04102pt\relax \fontdimen 18\font
(fontspec)             =2.2461pt\relax \fontdimen 19\font =1.5625pt\relax
(fontspec)             \fontdimen 22\font =2.85645pt\relax \fontdimen 20\font
(fontspec)             =0pt\relax \fontdimen 21\font =0pt\relax 

LaTeX Font Info:    Encoding `OMS' has changed to `TU' for symbol font
(Font)              `symbols' in the math version `normal' on input line 202.
LaTeX Font Info:    Overwriting symbol font `symbols' in version `normal'
(Font)                  OMS/cmsy/m/n --> TU/cambria.ttc(2)/m/n on input line 20
2.
LaTeX Font Info:    Encoding `OMS' has changed to `TU' for symbol font
(Font)              `symbols' in the math version `bold' on input line 202.
LaTeX Font Info:    Overwriting symbol font `symbols' in version `bold'
(Font)                  OMS/cmsy/b/n --> TU/cambria.ttc(2)/b/n on input line 20
2.

Package fontspec Info: cambria scale = 0.9999.


Package fontspec Info: cambria scale = 0.9999.


Package fontspec Info: cambria scale = 0.9999.


Package fontspec Info: cambria scale = 0.9999.


Package fontspec Info: cambria scale = 0.9999.


Package fontspec Info: cambria scale = 0.9999.


Package fontspec Info: Font family 'cambria.ttc(3)' created for font
(fontspec)             'cambria.ttc' with options
(fontspec)             [BoldItalicFont={},ItalicFont={},SmallCapsFont={},Script
=Math,SizeFeatures={{Size=8.65-},{Size=6.65-8.65,Font=cambria.ttc,Style=MathScr
ipt},{Size=-6.65,Font=cambria.ttc,Style=MathScriptScript}},Path={/mnt/c/Windows
/Fonts/},FontIndex={1},ScaleAgain=0.9999,FontAdjustment={\fontdimen
(fontspec)             8\font =0.64941pt\relax \fontdimen 9\font
(fontspec)             =0.64941pt\relax \fontdimen 10\font =0.64941pt\relax
(fontspec)             \fontdimen 11\font =2.4414pt\relax \fontdimen 12\font
(fontspec)             =6.05469pt\relax \fontdimen 13\font =0pt\relax }].
(fontspec)              
(fontspec)              This font family consists of the following NFSS
(fontspec)             series/shapes:
(fontspec)              
(fontspec)             - 'normal' (m/n) with NFSS spec.:
(fontspec)             <8.65->s*[0.9999]"[/mnt/c/Windows/Fonts/cambria.ttc:1]/O
T:script=math;language=dflt;"<6.65-8.65>s*[0.9999]"[/mnt/c/Windows/Fonts/cambri
a.ttc:1]/OT:script=math;language=dflt;+ssty=0;"<-6.65>s*[0.9999]"[/mnt/c/Window
s/Fonts/cambria.ttc:1]/OT:script=math;language=dflt;+ssty=1;"
(fontspec)             - 'small caps'  (m/sc) with NFSS spec.: 
(fontspec)             and font adjustment code:
(fontspec)             \fontdimen 8\font =0.64941pt\relax \fontdimen 9\font
(fontspec)             =0.64941pt\relax \fontdimen 10\font =0.64941pt\relax
(fontspec)             \fontdimen 11\font =2.4414pt\relax \fontdimen 12\font
(fontspec)             =6.05469pt\relax \fontdimen 13\font =0pt\relax 
(fontspec)             - 'bold' (b/n) with NFSS spec.:
(fontspec)             <->s*[0.9999]"[/mnt/c/Windows/Fonts/cambria.ttc:1]/OT:sc
ript=math;language=dflt;"
(fontspec)             - 'bold small caps'  (b/sc) with NFSS spec.: 
(fontspec)             and font adjustment code:
(fontspec)             \fontdimen 8\font =0.64941pt\relax \fontdimen 9\font
(fontspec)             =0.64941pt\relax \fontdimen 10\font =0.64941pt\relax
(fontspec)             \fontdimen 11\font =2.4414pt\relax \fontdimen 12\font
(fontspec)             =6.05469pt\relax \fontdimen 13\font =0pt\relax 
(fontspec)             - 'italic' (m/it) with NFSS spec.:
(fontspec)             <->s*[0.9999]"[/mnt/c/Windows/Fonts/cambria.ttc:1]/OT:sc
ript=math;language=dflt;"
(fontspec)             - 'italic small caps'  (m/scit) with NFSS spec.: 
(fontspec)             and font adjustment code:
(fontspec)             \fontdimen 8\font =0.64941pt\relax \fontdimen 9\font
(fontspec)             =0.64941pt\relax \fontdimen 10\font =0.64941pt\relax
(fontspec)             \fontdimen 11\font =2.4414pt\relax \fontdimen 12\font
(fontspec)             =6.05469pt\relax \fontdimen 13\font =0pt\relax 

LaTeX Font Info:    Encoding `OMX' has changed to `TU' for symbol font
(Font)              `largesymbols' in the math version `normal' on input line 2
02.
LaTeX Font Info:    Overwriting symbol font `largesymbols' in version `normal'
(Font)                  OMX/cmex/m/n --> TU/cambria.ttc(3)/m/n on input line 20
2.
LaTeX Font Info:    Encoding `OMX' has changed to `TU' for symbol font
(Font)              `largesymbols' in the math version `bold' on input line 202
.
LaTeX Font Info:    Overwriting symbol font `largesymbols' in version `bold'
(Font)                  OMX/cmex/m/n --> TU/cambria.ttc(3)/b/n on input line 20
2.
)

Package fontspec Info: Font family 'COPRGTB.TTF(0)' created for font
(fontspec)             'COPRGTB.TTF' with options
(fontspec)             [Path=/mnt/c/Windows/Fonts/].
(fontspec)              
(fontspec)              This font family consists of the following NFSS
(fontspec)             series/shapes:
(fontspec)              
(fontspec)             - 'normal' (m/n) with NFSS spec.:
(fontspec)             <->"[/mnt/c/Windows/Fonts/COPRGTB.TTF]/OT:language=dflt;
"
(fontspec)             - 'small caps'  (m/sc) with NFSS spec.: 

\PaperColumnHeight=\skip83

(build/poster.aux)
\openout1 = `poster.aux'.

LaTeX Font Info:    Checking defaults for OML/cmm/m/it on input line 343.
LaTeX Font Info:    ... okay on input line 343.
LaTeX Font Info:    Checking defaults for OMS/cmsy/m/n on input line 343.
LaTeX Font Info:    ... okay on input line 343.
LaTeX Font Info:    Checking defaults for OT1/cmr/m/n on input line 343.
LaTeX Font Info:    ... okay on input line 343.
LaTeX Font Info:    Checking defaults for T1/cmr/m/n on input line 343.
LaTeX Font Info:    ... okay on input line 343.
LaTeX Font Info:    Checking defaults for TS1/cmr/m/n on input line 343.
LaTeX Font Info:    ... okay on input line 343.
LaTeX Font Info:    Checking defaults for TU/lmr/m/n on input line 343.
LaTeX Font Info:    ... okay on input line 343.
LaTeX Font Info:    Checking defaults for OMX/cmex/m/n on input line 343.
LaTeX Font Info:    ... okay on input line 343.
LaTeX Font Info:    Checking defaults for U/cmr/m/n on input line 343.
LaTeX Font Info:    ... okay on input line 343.
LaTeX Font Info:    Checking defaults for PD1/pdf/m/n on input line 343.
LaTeX Font Info:    ... okay on input line 343.
LaTeX Font Info:    Checking defaults for PU/pdf/m/n on input line 343.
LaTeX Font Info:    ... okay on input line 343.

*geometry* driver: auto-detecting
*geometry* detected driver: xetex
*geometry* verbose mode - [ preamble ] result:
* driver: xetex
* paper: custom
* layout: <same size as paper>
* layoutoffset:(h,v)=(0.0pt,0.0pt)
* modes: 
* h-part:(L,W,R)=(0.0pt, 2392.87677pt, 0.0pt)
* v-part:(T,H,B)=(0.0pt, 3383.03267pt, 0.0pt)
* \paperwidth=2392.87677pt
* \paperheight=3383.03267pt
* \textwidth=2392.87677pt
* \textheight=3383.03267pt
* \oddsidemargin=-72.26999pt
* \evensidemargin=-72.26999pt
* \topmargin=-109.26999pt
* \headheight=12.0pt
* \headsep=25.0pt
* \topskip=10.0pt
* \footskip=30.0pt
* \marginparwidth=65.0pt
* \marginparsep=11.0pt
* \columnsep=10.0pt
* \skip\footins=9.0pt plus 4.0pt minus 2.0pt
* \hoffset=0.0pt
* \voffset=0.0pt
* \mag=1000
* \@twocolumnfalse
* \@twosidefalse
* \@mparswitchfalse
* \@reversemarginfalse
* (1in=72.27pt=25.4mm, 1cm=28.453pt)


Package fontspec Info: Font family 'UnDotum.ttf(0)' created for font
(fontspec)             'UnDotum.ttf' with options
(fontspec)             [BoldFont={UnDotumBold.ttf},UprightFeatures={SizeFeature
s={{Size={-8.5},
(fontspec)             FakeStretch=1.062}, {Size={8.5-11}, FakeStretch=1.05 },
(fontspec)             {Size={11-}, FakeStretch=1.03
(fontspec)             }}},BoldFeatures={SizeFeatures={{Size={-},
(fontspec)             FakeStretch=1.05 }}},WordSpace={1.66667,0,0}].
(fontspec)              
(fontspec)              This font family consists of the following NFSS
(fontspec)             series/shapes:
(fontspec)              
(fontspec)             - 'normal' (m/n) with NFSS spec.:
(fontspec)             <-8.5>"[UnDotum.ttf]/OT:language=dflt;extend=1.062;"<8.5
-11>"[UnDotum.ttf]/OT:language=dflt;extend=1.05;"<11->"[UnDotum.ttf]/OT:languag
e=dflt;extend=1.03;"
(fontspec)             - 'small caps'  (m/sc) with NFSS spec.: 
(fontspec)             and font adjustment code:
(fontspec)             \fontdimen 2\font =1.66667\fontdimen 2\font \fontdimen
(fontspec)             3\font =0\fontdimen 3\font \fontdimen 4\font
(fontspec)             =0\fontdimen 4\font 
(fontspec)             - 'bold' (b/n) with NFSS spec.:
(fontspec)             <->"[UnDotumBold.ttf]/OT:language=dflt;extend=1.05;"
(fontspec)             - 'bold small caps'  (b/sc) with NFSS spec.: 
(fontspec)             and font adjustment code:
(fontspec)             \fontdimen 2\font =1.66667\fontdimen 2\font \fontdimen
(fontspec)             3\font =0\fontdimen 3\font \fontdimen 4\font
(fontspec)             =0\fontdimen 4\font 

LaTeX Font Info:    Overwriting math alphabet `\mathtt' in version `normal'
(Font)                  OT1/cmtt/m/n --> TU/lmtt/m/n on input line 343.
LaTeX Font Info:    Overwriting math alphabet `\mathtt' in version `bold'
(Font)                  OT1/cmtt/m/n --> TU/lmtt/b/n on input line 343.
\c@lstlisting=\count351
Package hyperref Info: Link coloring OFF on input line 343.
(build/poster.out) (build/poster.out)
\@outlinefile=\write4
\openout4 = `poster.out'.

LaTeX Font Info:    Font shape `TU/cambria.ttc(2)/m/n' will be
(Font)              scaled to size 10.00107pt on input line 349.
LaTeX Font Info:    Font shape `TU/cambria.ttc(2)/m/n' will be
(Font)              scaled to size 7.30078pt on input line 349.
LaTeX Font Info:    Font shape `TU/cambria.ttc(2)/m/n' will be
(Font)              scaled to size 6.00064pt on input line 349.
LaTeX Font Info:    Font shape `TU/cambria.ttc(3)/m/n' will be
(Font)              scaled to size 9.99893pt on input line 349.
LaTeX Font Info:    Font shape `TU/cambria.ttc(3)/m/n' will be
(Font)              scaled to size 7.29921pt on input line 349.
LaTeX Font Info:    Font shape `TU/cambria.ttc(3)/m/n' will be
(Font)              scaled to size 5.99936pt on input line 349.
File: ../figures/한양대학교 로고.png Graphic file (type bmp)
<../figures/한양대학교 로고.png>
File: ../figures/통계학회 로고.png Graphic file (type bmp)
<../figures/통계학회 로고.png>

Underfull \hbox (badness 10000) in paragraph at lines 494--494
 []\TU/Calibri(1)/m/n/31 Abstract 
 []


Underfull \hbox (badness 2932) in paragraph at lines 494--494
[]\TU/Calibri(0)/m/n/18.8 ID accuracy \TU/Pretendard-Regular.otf(1)/m/n/18.8 는 
정 답 률 을 요 약 하 지 만, \TU/Calibri(0)/m/n/18.8 confidence calibration \TU/Pretendar
d-Regular.otf(1)/m/n/18.8 과 \TU/Calibri(0)/m/n/18.8 distribution-shift robustne
ss \TU/Pretendard-Regular.otf(1)/m/n/18.8 를 보 장 하 지 않 는 다. 우 리 는 \TU/Calibri(0)
/m/n/18.8 CIFAR-10 WRN-28-10 \TU/Pretendard-Regular.otf(1)/m/n/18.8 을 \TU/Calib
ri(0)/m/n/18.8 SGD,
 []

LaTeX Font Info:    Calculating math sizes for size <18.2> on input line 494.
LaTeX Font Info:    Font shape `TU/cambria.ttc(2)/m/n' will be
(Font)              scaled to size 18.20193pt on input line 494.
LaTeX Font Info:    Font shape `TU/cambria.ttc(2)/m/n' will be
(Font)              scaled to size 12.74129pt on input line 494.
LaTeX Font Info:    Font shape `TU/cambria.ttc(2)/m/n' will be
(Font)              scaled to size 9.10095pt on input line 494.
LaTeX Font Info:    Font shape `TU/cambria.ttc(3)/m/n' will be
(Font)              scaled to size 18.19804pt on input line 494.
LaTeX Font Info:    Font shape `TU/cambria.ttc(3)/m/n' will be
(Font)              scaled to size 12.73856pt on input line 494.
LaTeX Font Info:    Font shape `TU/cambria.ttc(3)/m/n' will be
(Font)              scaled to size 9.09901pt on input line 494.
File: ../figures/final/fig1_reliability_failure_concept.png Graphic file (type 
bmp)
<../figures/final/fig1_reliability_failure_concept.png>
LaTeX Font Info:    Calculating math sizes for size <12.8> on input line 494.
LaTeX Font Info:    Font shape `TU/cambria.ttc(2)/m/n' will be
(Font)              scaled to size 12.80136pt on input line 494.
LaTeX Font Info:    Font shape `TU/cambria.ttc(2)/m/n' will be
(Font)              scaled to size 8.9609pt on input line 494.
LaTeX Font Info:    Font shape `TU/cambria.ttc(2)/m/n' will be
(Font)              scaled to size 6.40067pt on input line 494.
LaTeX Font Info:    Font shape `TU/cambria.ttc(3)/m/n' will be
(Font)              scaled to size 12.79863pt on input line 494.
LaTeX Font Info:    Font shape `TU/cambria.ttc(3)/m/n' will be
(Font)              scaled to size 8.959pt on input line 494.
LaTeX Font Info:    Font shape `TU/cambria.ttc(3)/m/n' will be
(Font)              scaled to size 6.3993pt on input line 494.
LaTeX Font Info:    Calculating math sizes for size <13.8> on input line 494.
LaTeX Font Info:    Font shape `TU/cambria.ttc(2)/m/n' will be
(Font)              scaled to size 13.80147pt on input line 494.
LaTeX Font Info:    Font shape `TU/cambria.ttc(2)/m/n' will be
(Font)              scaled to size 9.66098pt on input line 494.
LaTeX Font Info:    Font shape `TU/cambria.ttc(2)/m/n' will be
(Font)              scaled to size 6.90073pt on input line 494.
LaTeX Font Info:    Font shape `TU/cambria.ttc(3)/m/n' will be
(Font)              scaled to size 13.79852pt on input line 494.
LaTeX Font Info:    Font shape `TU/cambria.ttc(3)/m/n' will be
(Font)              scaled to size 9.65892pt on input line 494.
LaTeX Font Info:    Font shape `TU/cambria.ttc(3)/m/n' will be
(Font)              scaled to size 6.89925pt on input line 494.
LaTeX Font Info:    Calculating math sizes for size <17.2> on input line 494.
LaTeX Font Info:    Font shape `TU/cambria.ttc(2)/m/n' will be
(Font)              scaled to size 17.20183pt on input line 494.
LaTeX Font Info:    Font shape `TU/cambria.ttc(2)/m/n' will be
(Font)              scaled to size 12.04121pt on input line 494.
LaTeX Font Info:    Font shape `TU/cambria.ttc(2)/m/n' will be
(Font)              scaled to size 8.6009pt on input line 494.
LaTeX Font Info:    Font shape `TU/cambria.ttc(3)/m/n' will be
(Font)              scaled to size 17.19815pt on input line 494.
LaTeX Font Info:    Font shape `TU/cambria.ttc(3)/m/n' will be
(Font)              scaled to size 12.03864pt on input line 494.
LaTeX Font Info:    Font shape `TU/cambria.ttc(3)/m/n' will be
(Font)              scaled to size 8.59906pt on input line 494.
LaTeX Font Info:    Calculating math sizes for size <18> on input line 494.
LaTeX Font Info:    Font shape `TU/cambria.ttc(2)/m/n' will be
(Font)              scaled to size 18.00192pt on input line 494.
LaTeX Font Info:    Font shape `TU/cambria.ttc(2)/m/n' will be
(Font)              scaled to size 12.60129pt on input line 494.
LaTeX Font Info:    Font shape `TU/cambria.ttc(2)/m/n' will be
(Font)              scaled to size 9.00096pt on input line 494.
LaTeX Font Info:    Font shape `TU/cambria.ttc(3)/m/n' will be
(Font)              scaled to size 17.99808pt on input line 494.
LaTeX Font Info:    Font shape `TU/cambria.ttc(3)/m/n' will be
(Font)              scaled to size 12.59859pt on input line 494.
LaTeX Font Info:    Font shape `TU/cambria.ttc(3)/m/n' will be
(Font)              scaled to size 8.99904pt on input line 494.
LaTeX Font Info:    Calculating math sizes for size <16.6> on input line 494.
LaTeX Font Info:    Font shape `TU/cambria.ttc(2)/m/n' will be
(Font)              scaled to size 16.60178pt on input line 494.
LaTeX Font Info:    Font shape `TU/cambria.ttc(2)/m/n' will be
(Font)              scaled to size 11.62119pt on input line 494.
LaTeX Font Info:    Font shape `TU/cambria.ttc(2)/m/n' will be
(Font)              scaled to size 8.30089pt on input line 494.
LaTeX Font Info:    Font shape `TU/cambria.ttc(3)/m/n' will be
(Font)              scaled to size 16.59822pt on input line 494.
LaTeX Font Info:    Font shape `TU/cambria.ttc(3)/m/n' will be
(Font)              scaled to size 11.6187pt on input line 494.
LaTeX Font Info:    Font shape `TU/cambria.ttc(3)/m/n' will be
(Font)              scaled to size 8.2991pt on input line 494.
File: ../figures/source/fig1_seed0_reliability_scatter_draft.pdf Graphic file (
type pdf)
<use ../figures/source/fig1_seed0_reliability_scatter_draft.pdf>

Underfull \hbox (badness 10000) in paragraph at lines 494--494
 []|\TU/Calibri(0)/m/n/14.2 CIFAR-100| 
 []


Underfull \hbox (badness 6910) in paragraph at lines 494--494
 []|\TU/Calibri(0)/m/n/14.2 TinyImageNet| 
 []


Underfull \hbox (badness 10000) in paragraph at lines 494--494
 []|\TU/Calibri(0)/m/n/14.2 SVHN| 
 []


Underfull \hbox (badness 10000) in paragraph at lines 494--494
 []|\TU/Calibri(0)/m/n/14.2 MNIST| 
 []


Underfull \hbox (badness 10000) in paragraph at lines 494--494
 []|\TU/Calibri(0)/m/n/14.2 0.861| 
 []


Underfull \hbox (badness 10000) in paragraph at lines 494--494
 []|\TU/Calibri(0)/m/n/14.2 0.857| 
 []


Underfull \hbox (badness 10000) in paragraph at lines 494--494
 []|\TU/Calibri(0)/m/n/14.2 0.973| 
 []


Underfull \hbox (badness 10000) in paragraph at lines 494--494
 []|\TU/Calibri(0)/m/n/14.2 0.946| 
 []


Underfull \hbox (badness 10000) in paragraph at lines 494--494
 []|\TU/Calibri(0)/m/n/14.2 0.610| 
 []


Underfull \hbox (badness 10000) in paragraph at lines 494--494
 []|\TU/Calibri(0)/m/n/14.2 0.565| 
 []


Underfull \hbox (badness 10000) in paragraph at lines 494--494
 []|\TU/Calibri(0)/m/n/14.2 0.900| 
 []


Underfull \hbox (badness 10000) in paragraph at lines 494--494
 []|\TU/Calibri(0)/m/n/14.2 0.630| 
 []


Underfull \hbox (badness 10000) in paragraph at lines 494--494
 []|\TU/Calibri(0)/m/n/14.2 0.568| 
 []


Underfull \hbox (badness 10000) in paragraph at lines 494--494
 []|\TU/Calibri(0)/m/n/14.2 0.542| 
 []


Underfull \hbox (badness 10000) in paragraph at lines 494--494
 []|\TU/Calibri(0)/m/n/14.2 0.660| 
 []


Underfull \hbox (badness 10000) in paragraph at lines 494--494
 []|\TU/Calibri(0)/m/n/14.2 0.442| 
 []


Underfull \hbox (badness 10000) in paragraph at lines 494--494
 []|\TU/Calibri(0)/m/n/14.2 0.435| 
 []


Underfull \hbox (badness 10000) in paragraph at lines 494--494
 []|\TU/Calibri(0)/m/n/14.2 0.398| 
 []


Underfull \hbox (badness 10000) in paragraph at lines 494--494
 []|\TU/Calibri(0)/m/n/14.2 0.783| 
 []


Underfull \hbox (badness 10000) in paragraph at lines 494--494
 []|\TU/Calibri(0)/m/n/14.2 0.271| 
 []


Underfull \hbox (badness 3260) in paragraph at lines 494--494
 []|\TU/Calibri(0)/m/n/12.2 Val/ Test| 
 []


Underfull \hbox (badness 5274) in paragraph at lines 494--494
 []|\TU/Calibri(0)/m/n/12.2 ECE| 
 []


Underfull \hbox (badness 2435) in paragraph at lines 494--494
 []|\TU/Calibri(0)/m/n/12.2 Raw Maha| 
 []


Underfull \hbox (badness 5036) in paragraph at lines 494--494
 []|\TU/Calibri(0)/m/n/12.2 NC1| 
 []


Underfull \hbox (badness 3098) in paragraph at lines 494--494
 []|\TU/Calibri(0)/m/n/12.2 InterDist| 
 []


Underfull \hbox (badness 1968) in paragraph at lines 494--494
 []|\TU/Calibri(0)/m/n/12.2 95.86/95.85| 
 []


Underfull \hbox (badness 4927) in paragraph at lines 494--494
 []|\TU/Calibri(0)/m/n/12.2 2.98| 
 []


Underfull \hbox (badness 4328) in paragraph at lines 494--494
 []|\TU/Calibri(0)/m/n/12.2 0.919| 
 []


Underfull \hbox (badness 4328) in paragraph at lines 494--494
 []|\TU/Calibri(0)/m/n/12.2 0.049| 
 []


Underfull \hbox (badness 4328) in paragraph at lines 494--494
 []|\TU/Calibri(0)/m/n/12.2 16.80| 
 []


Underfull \hbox (badness 1968) in paragraph at lines 494--494
 []|\TU/Calibri(0)/m/n/12.2 96.12/95.46| 
 []


Underfull \hbox (badness 4927) in paragraph at lines 494--494
 []|\TU/Calibri(0)/m/n/12.2 3.31| 
 []


Underfull \hbox (badness 4328) in paragraph at lines 494--494
 []|\TU/Calibri(0)/m/n/12.2 0.909| 
 []


Underfull \hbox (badness 4328) in paragraph at lines 494--494
 []|\TU/Calibri(0)/m/n/12.2 0.068| 
 []


Underfull \hbox (badness 4328) in paragraph at lines 494--494
 []|\TU/Calibri(0)/m/n/12.2 14.33| 
 []


Underfull \hbox (badness 1968) in paragraph at lines 494--494
 []|\TU/Calibri(0)/m/n/12.2 94.94/94.47| 
 []


Underfull \hbox (badness 4927) in paragraph at lines 494--494
 []|\TU/Calibri(0)/m/n/12.2 3.90| 
 []


Underfull \hbox (badness 4328) in paragraph at lines 494--494
 []|\TU/Calibri(0)/m/n/12.2 0.553| 
 []


Underfull \hbox (badness 4328) in paragraph at lines 494--494
 []|\TU/Calibri(0)/m/n/12.2 0.187| 
 []


Underfull \hbox (badness 4328) in paragraph at lines 494--494
 []|\TU/Calibri(0)/m/n/12.2 13.42| 
 []


Underfull \hbox (badness 1968) in paragraph at lines 494--494
 []|\TU/Calibri(0)/m/n/12.2 95.28/94.68| 
 []


Underfull \hbox (badness 4927) in paragraph at lines 494--494
 []|\TU/Calibri(0)/m/n/12.2 4.51| 
 []


Underfull \hbox (badness 4328) in paragraph at lines 494--494
 []|\TU/Calibri(0)/m/n/12.2 0.472| 
 []


Underfull \hbox (badness 4328) in paragraph at lines 494--494
 []|\TU/Calibri(0)/m/n/12.2 0.271| 
 []


Underfull \hbox (badness 4927) in paragraph at lines 494--494
 []|\TU/Calibri(0)/m/n/12.2 5.37| 
 []


Underfull \hbox (badness 1968) in paragraph at lines 494--494
 []|\TU/Calibri(0)/m/n/12.2 95.02/94.37| 
 []


Underfull \hbox (badness 4927) in paragraph at lines 494--494
 []|\TU/Calibri(0)/m/n/12.2 4.79| 
 []


Underfull \hbox (badness 4328) in paragraph at lines 494--494
 []|\TU/Calibri(0)/m/n/12.2 0.531| 
 []


Underfull \hbox (badness 4328) in paragraph at lines 494--494
 []|\TU/Calibri(0)/m/n/12.2 0.275| 
 []


Underfull \hbox (badness 4927) in paragraph at lines 494--494
 []|\TU/Calibri(0)/m/n/12.2 5.53| 
 []

File: ../figures/source/fig2_seed0_raw_to_l2_recovery_draft.pdf Graphic file (t
ype pdf)
<use ../figures/source/fig2_seed0_raw_to_l2_recovery_draft.pdf>

Underfull \hbox (badness 10000) in paragraph at lines 494--494
[]\TU/Calibri(0)/m/n/16.8 Accuracy is necessary but not sufficient. ID-validati
on-matched models can show different calibration, raw feature OOD reliability, 
and feature geometry
 []

[1

] (build/poster.aux)
 ***********
LaTeX2e <2023-11-01> patch level 1
L3 programming layer <2024-01-22>
 ***********
Package rerunfilecheck Info: File `poster.out' has not changed.
(rerunfilecheck)             Checksum: D41D8CD98F00B204E9800998ECF8427E;0.
 ) 
Here is how much of TeX's memory you used:
 37035 strings out of 476878
 751687 string characters out of 5805249
 2027627 words of memory out of 5000000
 58226 multiletter control sequences out of 15000+600000
 574376 words of font info for 296 fonts, out of 8000000 for 9000
 14 hyphenation exceptions out of 8191
 93i,15n,117p,485b,2744s stack positions out of 10000i,1000n,20000p,200000b,200000s

Output written on build/poster.pdf (1 page).
